../Core/Src/main.c:96:6:Push_Command_To_Ring_Buffer	552	static
../Core/Src/main.c:107:6:Command_Sending_Handle	296	static
../Core/Src/main.c:117:6:FRAME_SYNC_RxCpltCallback	128	static
../Core/Src/main.c:159:6:FRAME_SYNC_RxFailCallback	120	static
../Core/Src/main.c:165:6:HAL_UART_RxCpltCallback	16	static
../Core/Src/main.c:174:6:FRAME_SYNC_Packet_Transmit	16	static
../Core/Src/main.c:180:6:FRAME_SYNC_Packet_Receive	16	static
../Core/Src/main.c:198:6:HAL_UARTEx_RxEventCallback	16	static
../Core/Src/main.c:227:5:main	40	static
../Core/Src/main.c:339:6:SystemClock_Config	72	static
../Core/Src/main.c:379:13:MX_SPI1_Init	8	static
../Core/Src/main.c:417:13:MX_USART1_UART_Init	8	static
../Core/Src/main.c:450:13:MX_USART3_UART_Init	8	static
../Core/Src/main.c:483:13:MX_GPIO_Init	40	static
../Core/Src/main.c:545:6:Error_Handler	4	static,ignoring_inline_asm
